---
source: crates/kazari/tests/typst_snapshots.rs
expression: "render(\"x = 1 // [!code error]\\ny = 2 // [!code warning]\\nz = 3\",\n\"javascript\")"
---
#code-block(lang: "javascript", fg: rgb("#24292e"), bg: rgb("#fff"), lines: 3)[
#code-line(mark: "error")[#text("x")#text(" ")#text(fill: rgb("#d73a49"), "=")#text(" ")#text(fill: rgb("#005cc5"), "1")]
#code-line(mark: "warning")[#text("y")#text(" ")#text(fill: rgb("#d73a49"), "=")#text(" ")#text(fill: rgb("#005cc5"), "2")]
#code-line[#text("z")#text(" ")#text(fill: rgb("#d73a49"), "=")#text(" ")#text(fill: rgb("#005cc5"), "3")]
]
