---
source: crates/irosashi/tests/html_snapshots.rs
expression: single
---
<pre class="iro github-dark" style="background-color:#24292e;color:#e1e4e8" tabindex="0"><code><span class="line"><span style="color:#e1e4e8">&lt;!</span><span style="color:#85e89d">DOCTYPE</span><span style="color:#e1e4e8"> </span><span style="color:#b392f0">html</span><span style="color:#e1e4e8">&gt;</span></span>
<span class="line"><span style="color:#e1e4e8">&lt;</span><span style="color:#85e89d">html</span><span style="color:#e1e4e8"> </span><span style="color:#b392f0">lang</span><span style="color:#e1e4e8">=</span><span style="color:#9ecbff">"</span><span style="color:#9ecbff">en-us</span><span style="color:#9ecbff">"</span><span style="color:#e1e4e8">&gt;</span></span>
<span class="line"><span style="color:#e1e4e8">  </span><span style="color:#e1e4e8">&lt;</span><span style="color:#85e89d">head</span><span style="color:#e1e4e8">&gt;</span></span>
<span class="line"><span style="color:#e1e4e8">    </span><span style="color:#e1e4e8">&lt;</span><span style="color:#85e89d">meta</span><span style="color:#e1e4e8"> </span><span style="color:#b392f0">charset</span><span style="color:#e1e4e8">=</span><span style="color:#9ecbff">"</span><span style="color:#9ecbff">utf-8</span><span style="color:#9ecbff">"</span><span style="color:#e1e4e8"> </span><span style="color:#e1e4e8">/&gt;</span></span>
<span class="line"><span style="color:#e1e4e8">    </span><span style="color:#e1e4e8">&lt;</span><span style="color:#85e89d">meta</span><span style="color:#e1e4e8"> </span><span style="color:#b392f0">name</span><span style="color:#e1e4e8">=</span><span style="color:#9ecbff">"</span><span style="color:#9ecbff">viewport</span><span style="color:#9ecbff">"</span><span style="color:#e1e4e8"> </span><span style="color:#b392f0">content</span><span style="color:#e1e4e8">=</span><span style="color:#9ecbff">"</span><span style="color:#9ecbff">width=device-width</span><span style="color:#9ecbff">"</span><span style="color:#e1e4e8"> </span><span style="color:#e1e4e8">/&gt;</span></span>
<span class="line"><span style="color:#e1e4e8">    </span><span style="color:#e1e4e8">&lt;</span><span style="color:#85e89d">title</span><span style="color:#e1e4e8">&gt;</span><span style="color:#e1e4e8">MDN Web Docs Example: Toggling full-screen mode</span><span style="color:#e1e4e8">&lt;/</span><span style="color:#85e89d">title</span><span style="color:#e1e4e8">&gt;</span></span>
<span class="line"><span style="color:#e1e4e8">    </span><span style="color:#e1e4e8">&lt;</span><span style="color:#85e89d">link</span><span style="color:#e1e4e8"> </span><span style="color:#b392f0">rel</span><span style="color:#e1e4e8">=</span><span style="color:#9ecbff">"</span><span style="color:#9ecbff">stylesheet</span><span style="color:#9ecbff">"</span><span style="color:#e1e4e8"> </span><span style="color:#b392f0">href</span><span style="color:#e1e4e8">=</span><span style="color:#9ecbff">"</span><span style="color:#9ecbff">styles.css</span><span style="color:#9ecbff">"</span><span style="color:#e1e4e8">&gt;</span></span>
<span class="line"><span style="color:#e1e4e8">    </span><span style="color:#e1e4e8">&lt;</span><span style="color:#85e89d">style</span><span style="color:#e1e4e8"> </span><span style="color:#b392f0">class</span><span style="color:#e1e4e8">=</span><span style="color:#9ecbff">"</span><span style="color:#9ecbff">editable</span><span style="color:#9ecbff">"</span><span style="color:#e1e4e8">&gt;</span></span>
<span class="line"><span style="color:#e1e4e8">        </span><span style="color:#85e89d">video</span><span style="color:#b392f0">::</span><span style="color:#b392f0">backdrop</span><span style="color:#e1e4e8"> </span><span style="color:#e1e4e8">{</span></span>
<span class="line"><span style="color:#e1e4e8">          </span><span style="color:#79b8ff">background-color</span><span style="color:#e1e4e8">:</span><span style="color:#e1e4e8"> </span><span style="color:#79b8ff">#</span><span style="color:#79b8ff">448</span><span style="color:#e1e4e8">;</span></span>
<span class="line"><span style="color:#e1e4e8">        </span><span style="color:#e1e4e8">}</span></span>
<span class="line"><span style="color:#e1e4e8">    </span><span style="color:#e1e4e8">&lt;</span><span style="color:#e1e4e8">/</span><span style="color:#85e89d">style</span><span style="color:#e1e4e8">&gt;</span></span>
<span class="line"></span>
<span class="line"><span style="color:#e1e4e8">    </span><span style="color:#6a737d">&lt;!--</span><span style="color:#6a737d"> import the webpage's javascript file </span><span style="color:#6a737d">--&gt;</span></span>
<span class="line"><span style="color:#e1e4e8">    </span><span style="color:#e1e4e8">&lt;</span><span style="color:#85e89d">script</span><span style="color:#e1e4e8"> </span><span style="color:#b392f0">src</span><span style="color:#e1e4e8">=</span><span style="color:#9ecbff">"</span><span style="color:#9ecbff">script.js</span><span style="color:#9ecbff">"</span><span style="color:#e1e4e8"> </span><span style="color:#b392f0">defer</span><span style="color:#e1e4e8">&gt;</span><span style="color:#e1e4e8">&lt;</span><span style="color:#e1e4e8">/</span><span style="color:#85e89d">script</span><span style="color:#e1e4e8">&gt;</span></span>
<span class="line"><span style="color:#e1e4e8">  </span><span style="color:#e1e4e8">&lt;/</span><span style="color:#85e89d">head</span><span style="color:#e1e4e8">&gt;</span></span>
<span class="line"><span style="color:#e1e4e8">  </span><span style="color:#e1e4e8">&lt;</span><span style="color:#85e89d">body</span><span style="color:#e1e4e8">&gt;</span></span>
<span class="line"><span style="color:#e1e4e8">    </span><span style="color:#e1e4e8">&lt;</span><span style="color:#85e89d">section</span><span style="color:#e1e4e8"> </span><span style="color:#b392f0">class</span><span style="color:#e1e4e8">=</span><span style="color:#9ecbff">"</span><span style="color:#9ecbff">preview</span><span style="color:#9ecbff">"</span><span style="color:#e1e4e8">&gt;</span></span>
<span class="line"><span style="color:#e1e4e8">      </span><span style="color:#e1e4e8">&lt;</span><span style="color:#85e89d">video</span><span style="color:#e1e4e8"> </span><span style="color:#b392f0">controls</span></span>
<span class="line"><span style="color:#e1e4e8">        </span><span style="color:#b392f0">src</span><span style="color:#e1e4e8">=</span><span style="color:#9ecbff">"</span><span style="color:#9ecbff">https://archive.org/download/BigBuckBunny_124/Content/big_buck_bunny_720p_surround.mp4</span><span style="color:#9ecbff">"</span></span>
<span class="line"><span style="color:#e1e4e8">        </span><span style="color:#b392f0">poster</span><span style="color:#e1e4e8">=</span><span style="color:#9ecbff">"</span><span style="color:#9ecbff">https://peach.blender.org/wp-content/uploads/title_anouncement.jpg?x11217</span><span style="color:#9ecbff">"</span></span>
<span class="line"><span style="color:#e1e4e8">        </span><span style="color:#b392f0">width</span><span style="color:#e1e4e8">=</span><span style="color:#9ecbff">"</span><span style="color:#9ecbff">620</span><span style="color:#9ecbff">"</span><span style="color:#e1e4e8">&gt;</span></span>
<span class="line"></span>
<span class="line"><span style="color:#e1e4e8">        Sorry, your browser doesn't support embedded videos.  Time to upgrade!</span></span>
<span class="line"></span>
<span class="line"><span style="color:#e1e4e8">      </span><span style="color:#e1e4e8">&lt;/</span><span style="color:#85e89d">video</span><span style="color:#e1e4e8">&gt;</span></span>
<span class="line"><span style="color:#e1e4e8">    </span><span style="color:#e1e4e8">&lt;/</span><span style="color:#85e89d">section</span><span style="color:#e1e4e8">&gt;</span></span>
<span class="line"></span>
<span class="line"><span style="color:#e1e4e8">&lt;</span><span style="color:#85e89d">textarea</span><span style="color:#e1e4e8"> </span><span style="color:#b392f0">class</span><span style="color:#e1e4e8">=</span><span style="color:#9ecbff">"</span><span style="color:#9ecbff">playable playable-css</span><span style="color:#9ecbff">"</span><span style="color:#e1e4e8"> </span><span style="color:#b392f0">style</span><span style="color:#e1e4e8">=</span><span style="color:#9ecbff">"</span><span style="color:#9ecbff">height: 100px;</span><span style="color:#9ecbff">"</span><span style="color:#e1e4e8">&gt;</span></span>
<span class="line"><span style="color:#e1e4e8">video::backdrop {</span></span>
<span class="line"><span style="color:#e1e4e8">  background-color: #448;</span></span>
<span class="line"><span style="color:#e1e4e8">}</span></span>
<span class="line"><span style="color:#e1e4e8">&lt;/</span><span style="color:#85e89d">textarea</span><span style="color:#e1e4e8">&gt;</span></span>
<span class="line"></span>
<span class="line"><span style="color:#e1e4e8">&lt;</span><span style="color:#85e89d">textarea</span><span style="color:#e1e4e8"> </span><span style="color:#b392f0">class</span><span style="color:#e1e4e8">=</span><span style="color:#9ecbff">"</span><span style="color:#9ecbff">playable playable-html</span><span style="color:#9ecbff">"</span><span style="color:#e1e4e8"> </span><span style="color:#b392f0">style</span><span style="color:#e1e4e8">=</span><span style="color:#9ecbff">"</span><span style="color:#9ecbff">height: 200px;</span><span style="color:#9ecbff">"</span><span style="color:#e1e4e8">&gt;</span></span>
<span class="line"><span style="color:#e1e4e8">&lt;</span><span style="color:#85e89d">video</span><span style="color:#e1e4e8"> </span><span style="color:#b392f0">controls</span></span>
<span class="line"><span style="color:#e1e4e8">  </span><span style="color:#b392f0">src</span><span style="color:#e1e4e8">=</span><span style="color:#9ecbff">"</span><span style="color:#9ecbff">https://archive.org/download/BigBuckBunny_124/Content/big_buck_bunny_720p_surround.mp4</span><span style="color:#9ecbff">"</span></span>
<span class="line"><span style="color:#e1e4e8">  </span><span style="color:#b392f0">poster</span><span style="color:#e1e4e8">=</span><span style="color:#9ecbff">"</span><span style="color:#9ecbff">https://peach.blender.org/wp-content/uploads/title_anouncement.jpg?x11217</span><span style="color:#9ecbff">"</span></span>
<span class="line"><span style="color:#e1e4e8">  </span><span style="color:#b392f0">width</span><span style="color:#e1e4e8">=</span><span style="color:#9ecbff">"</span><span style="color:#9ecbff">620</span><span style="color:#9ecbff">"</span><span style="color:#e1e4e8">&gt;</span></span>
<span class="line"><span style="color:#e1e4e8">Sorry, your browser doesn't support embedded videos.  Time to upgrade!</span></span>
<span class="line"><span style="color:#e1e4e8">&lt;/</span><span style="color:#85e89d">video</span><span style="color:#e1e4e8">&gt;</span></span>
<span class="line"><span style="color:#e1e4e8">&lt;/</span><span style="color:#85e89d">textarea</span><span style="color:#e1e4e8">&gt;</span></span>
<span class="line"></span>
<span class="line"><span style="color:#e1e4e8">    </span><span style="color:#e1e4e8">&lt;</span><span style="color:#85e89d">div</span><span style="color:#e1e4e8"> </span><span style="color:#b392f0">class</span><span style="color:#e1e4e8">=</span><span style="color:#9ecbff">"</span><span style="color:#9ecbff">playable-buttons</span><span style="color:#9ecbff">"</span><span style="color:#e1e4e8">&gt;</span></span>
<span class="line"><span style="color:#e1e4e8">        </span><span style="color:#e1e4e8">&lt;</span><span style="color:#85e89d">input</span><span style="color:#e1e4e8"> </span><span style="color:#b392f0">id</span><span style="color:#e1e4e8">=</span><span style="color:#9ecbff">"</span><span style="color:#9ecbff">reset</span><span style="color:#9ecbff">"</span><span style="color:#e1e4e8"> </span><span style="color:#b392f0">type</span><span style="color:#e1e4e8">=</span><span style="color:#9ecbff">"</span><span style="color:#9ecbff">button</span><span style="color:#9ecbff">"</span><span style="color:#e1e4e8"> </span><span style="color:#b392f0">value</span><span style="color:#e1e4e8">=</span><span style="color:#9ecbff">"</span><span style="color:#9ecbff">Reset</span><span style="color:#9ecbff">"</span><span style="color:#e1e4e8"> </span><span style="color:#e1e4e8">/&gt;</span></span>
<span class="line"><span style="color:#e1e4e8">      </span><span style="color:#e1e4e8">&lt;/</span><span style="color:#85e89d">div</span><span style="color:#e1e4e8">&gt;</span></span>
<span class="line"><span style="color:#e1e4e8">    </span><span style="color:#e1e4e8">&lt;/</span><span style="color:#85e89d">body</span><span style="color:#e1e4e8">&gt;</span></span>
<span class="line"><span style="color:#e1e4e8">    </span><span style="color:#e1e4e8">&lt;</span><span style="color:#85e89d">script</span><span style="color:#e1e4e8"> </span><span style="color:#b392f0">src</span><span style="color:#e1e4e8">=</span><span style="color:#9ecbff">"</span><span style="color:#9ecbff">playable.js</span><span style="color:#9ecbff">"</span><span style="color:#e1e4e8">&gt;</span><span style="color:#e1e4e8">&lt;</span><span style="color:#e1e4e8">/</span><span style="color:#85e89d">script</span><span style="color:#e1e4e8">&gt;</span></span>
<span class="line"><span style="color:#e1e4e8">  </span><span style="color:#e1e4e8">&lt;/</span><span style="color:#85e89d">body</span><span style="color:#e1e4e8">&gt;</span></span>
<span class="line"><span style="color:#e1e4e8">&lt;/</span><span style="color:#85e89d">html</span><span style="color:#e1e4e8">&gt;</span></span>
<span class="line"></span>
<span class="line"><span style="color:#6a737d">&lt;!--</span><span style="color:#6a737d"> From https://github.com/mdn/css-examples/blob/main/backdrop/index.html </span><span style="color:#6a737d">--&gt;</span></span></code></pre>
