---
source: crates/irosashi/tests/html_snapshots.rs
expression: single
---
<pre class="iro github-dark" style="background-color:#24292e;color:#e1e4e8" tabindex="0"><code><span class="line"><span style="color:#e1e4e8">{</span></span>
<span class="line"><span style="color:#e1e4e8">  </span><span style="color:#79b8ff">"</span><span style="color:#79b8ff">squadName</span><span style="color:#79b8ff">"</span><span style="color:#e1e4e8">:</span><span style="color:#e1e4e8"> </span><span style="color:#9ecbff">"</span><span style="color:#9ecbff">Super hero squad</span><span style="color:#9ecbff">"</span><span style="color:#e1e4e8">,</span></span>
<span class="line"><span style="color:#e1e4e8">  </span><span style="color:#79b8ff">"</span><span style="color:#79b8ff">homeTown</span><span style="color:#79b8ff">"</span><span style="color:#e1e4e8">:</span><span style="color:#e1e4e8"> </span><span style="color:#9ecbff">"</span><span style="color:#9ecbff">Metro City</span><span style="color:#9ecbff">"</span><span style="color:#e1e4e8">,</span></span>
<span class="line"><span style="color:#e1e4e8">  </span><span style="color:#79b8ff">"</span><span style="color:#79b8ff">formed</span><span style="color:#79b8ff">"</span><span style="color:#e1e4e8">:</span><span style="color:#e1e4e8"> </span><span style="color:#79b8ff">2016</span><span style="color:#e1e4e8">,</span></span>
<span class="line"><span style="color:#e1e4e8">  </span><span style="color:#79b8ff">"</span><span style="color:#79b8ff">secretBase</span><span style="color:#79b8ff">"</span><span style="color:#e1e4e8">:</span><span style="color:#e1e4e8"> </span><span style="color:#9ecbff">"</span><span style="color:#9ecbff">Super tower</span><span style="color:#9ecbff">"</span><span style="color:#e1e4e8">,</span></span>
<span class="line"><span style="color:#e1e4e8">  </span><span style="color:#79b8ff">"</span><span style="color:#79b8ff">active</span><span style="color:#79b8ff">"</span><span style="color:#e1e4e8">:</span><span style="color:#e1e4e8"> </span><span style="color:#79b8ff">true</span><span style="color:#e1e4e8">,</span></span>
<span class="line"><span style="color:#e1e4e8">  </span><span style="color:#79b8ff">"</span><span style="color:#79b8ff">members</span><span style="color:#79b8ff">"</span><span style="color:#e1e4e8">:</span><span style="color:#e1e4e8"> </span><span style="color:#e1e4e8">[</span></span>
<span class="line"><span style="color:#e1e4e8">    </span><span style="color:#e1e4e8">{</span></span>
<span class="line"><span style="color:#e1e4e8">      </span><span style="color:#79b8ff">"</span><span style="color:#79b8ff">name</span><span style="color:#79b8ff">"</span><span style="color:#e1e4e8">:</span><span style="color:#e1e4e8"> </span><span style="color:#9ecbff">"</span><span style="color:#9ecbff">Molecule Man</span><span style="color:#9ecbff">"</span><span style="color:#e1e4e8">,</span></span>
<span class="line"><span style="color:#e1e4e8">      </span><span style="color:#79b8ff">"</span><span style="color:#79b8ff">age</span><span style="color:#79b8ff">"</span><span style="color:#e1e4e8">:</span><span style="color:#e1e4e8"> </span><span style="color:#79b8ff">29</span><span style="color:#e1e4e8">,</span></span>
<span class="line"><span style="color:#e1e4e8">      </span><span style="color:#79b8ff">"</span><span style="color:#79b8ff">secretIdentity</span><span style="color:#79b8ff">"</span><span style="color:#e1e4e8">:</span><span style="color:#e1e4e8"> </span><span style="color:#9ecbff">"</span><span style="color:#9ecbff">Dan Jukes</span><span style="color:#9ecbff">"</span><span style="color:#e1e4e8">,</span></span>
<span class="line"><span style="color:#e1e4e8">      </span><span style="color:#79b8ff">"</span><span style="color:#79b8ff">powers</span><span style="color:#79b8ff">"</span><span style="color:#e1e4e8">:</span><span style="color:#e1e4e8"> </span><span style="color:#e1e4e8">[</span><span style="color:#9ecbff">"</span><span style="color:#9ecbff">Radiation resistance</span><span style="color:#9ecbff">"</span><span style="color:#e1e4e8">,</span><span style="color:#e1e4e8"> </span><span style="color:#9ecbff">"</span><span style="color:#9ecbff">Turning tiny</span><span style="color:#9ecbff">"</span><span style="color:#e1e4e8">,</span><span style="color:#e1e4e8"> </span><span style="color:#9ecbff">"</span><span style="color:#9ecbff">Radiation blast</span><span style="color:#9ecbff">"</span><span style="color:#e1e4e8">]</span></span>
<span class="line"><span style="color:#e1e4e8">    </span><span style="color:#e1e4e8">}</span><span style="color:#e1e4e8">,</span></span>
<span class="line"><span style="color:#e1e4e8">    </span><span style="color:#e1e4e8">{</span></span>
<span class="line"><span style="color:#e1e4e8">      </span><span style="color:#79b8ff">"</span><span style="color:#79b8ff">name</span><span style="color:#79b8ff">"</span><span style="color:#e1e4e8">:</span><span style="color:#e1e4e8"> </span><span style="color:#9ecbff">"</span><span style="color:#9ecbff">Madame Uppercut</span><span style="color:#9ecbff">"</span><span style="color:#e1e4e8">,</span></span>
<span class="line"><span style="color:#e1e4e8">      </span><span style="color:#79b8ff">"</span><span style="color:#79b8ff">age</span><span style="color:#79b8ff">"</span><span style="color:#e1e4e8">:</span><span style="color:#e1e4e8"> </span><span style="color:#79b8ff">39</span><span style="color:#e1e4e8">,</span></span>
<span class="line"><span style="color:#e1e4e8">      </span><span style="color:#79b8ff">"</span><span style="color:#79b8ff">secretIdentity</span><span style="color:#79b8ff">"</span><span style="color:#e1e4e8">:</span><span style="color:#e1e4e8"> </span><span style="color:#9ecbff">"</span><span style="color:#9ecbff">Jane Wilson</span><span style="color:#9ecbff">"</span><span style="color:#e1e4e8">,</span></span>
<span class="line"><span style="color:#e1e4e8">      </span><span style="color:#79b8ff">"</span><span style="color:#79b8ff">powers</span><span style="color:#79b8ff">"</span><span style="color:#e1e4e8">:</span><span style="color:#e1e4e8"> </span><span style="color:#e1e4e8">[</span></span>
<span class="line"><span style="color:#e1e4e8">        </span><span style="color:#9ecbff">"</span><span style="color:#9ecbff">Million tonne punch</span><span style="color:#9ecbff">"</span><span style="color:#e1e4e8">,</span></span>
<span class="line"><span style="color:#e1e4e8">        </span><span style="color:#9ecbff">"</span><span style="color:#9ecbff">Damage resistance</span><span style="color:#9ecbff">"</span><span style="color:#e1e4e8">,</span></span>
<span class="line"><span style="color:#e1e4e8">        </span><span style="color:#9ecbff">"</span><span style="color:#9ecbff">Superhuman reflexes</span><span style="color:#9ecbff">"</span></span>
<span class="line"><span style="color:#e1e4e8">      </span><span style="color:#e1e4e8">]</span></span>
<span class="line"><span style="color:#e1e4e8">    </span><span style="color:#e1e4e8">}</span><span style="color:#e1e4e8">,</span></span>
<span class="line"><span style="color:#e1e4e8">    </span><span style="color:#e1e4e8">{</span></span>
<span class="line"><span style="color:#e1e4e8">      </span><span style="color:#79b8ff">"</span><span style="color:#79b8ff">name</span><span style="color:#79b8ff">"</span><span style="color:#e1e4e8">:</span><span style="color:#e1e4e8"> </span><span style="color:#9ecbff">"</span><span style="color:#9ecbff">Eternal Flame</span><span style="color:#9ecbff">"</span><span style="color:#e1e4e8">,</span></span>
<span class="line"><span style="color:#e1e4e8">      </span><span style="color:#79b8ff">"</span><span style="color:#79b8ff">age</span><span style="color:#79b8ff">"</span><span style="color:#e1e4e8">:</span><span style="color:#e1e4e8"> </span><span style="color:#79b8ff">1000000</span><span style="color:#e1e4e8">,</span></span>
<span class="line"><span style="color:#e1e4e8">      </span><span style="color:#79b8ff">"</span><span style="color:#79b8ff">secretIdentity</span><span style="color:#79b8ff">"</span><span style="color:#e1e4e8">:</span><span style="color:#e1e4e8"> </span><span style="color:#9ecbff">"</span><span style="color:#9ecbff">Unknown</span><span style="color:#9ecbff">"</span><span style="color:#e1e4e8">,</span></span>
<span class="line"><span style="color:#e1e4e8">      </span><span style="color:#79b8ff">"</span><span style="color:#79b8ff">powers</span><span style="color:#79b8ff">"</span><span style="color:#e1e4e8">:</span><span style="color:#e1e4e8"> </span><span style="color:#e1e4e8">[</span></span>
<span class="line"><span style="color:#e1e4e8">        </span><span style="color:#9ecbff">"</span><span style="color:#9ecbff">Immortality</span><span style="color:#9ecbff">"</span><span style="color:#e1e4e8">,</span></span>
<span class="line"><span style="color:#e1e4e8">        </span><span style="color:#9ecbff">"</span><span style="color:#9ecbff">Heat Immunity</span><span style="color:#9ecbff">"</span><span style="color:#e1e4e8">,</span></span>
<span class="line"><span style="color:#e1e4e8">        </span><span style="color:#9ecbff">"</span><span style="color:#9ecbff">Inferno</span><span style="color:#9ecbff">"</span><span style="color:#e1e4e8">,</span></span>
<span class="line"><span style="color:#e1e4e8">        </span><span style="color:#9ecbff">"</span><span style="color:#9ecbff">Teleportation</span><span style="color:#9ecbff">"</span><span style="color:#e1e4e8">,</span></span>
<span class="line"><span style="color:#e1e4e8">        </span><span style="color:#9ecbff">"</span><span style="color:#9ecbff">Interdimensional travel</span><span style="color:#9ecbff">"</span></span>
<span class="line"><span style="color:#e1e4e8">      </span><span style="color:#e1e4e8">]</span></span>
<span class="line"><span style="color:#e1e4e8">    </span><span style="color:#e1e4e8">}</span></span>
<span class="line"><span style="color:#e1e4e8">  </span><span style="color:#e1e4e8">]</span><span style="color:#e1e4e8">,</span></span>
<span class="line"><span style="color:#e1e4e8">  </span><span style="color:#79b8ff">"</span><span style="color:#79b8ff">from</span><span style="color:#79b8ff">"</span><span style="color:#e1e4e8">:</span><span style="color:#e1e4e8"> </span><span style="color:#9ecbff">"</span><span style="color:#9ecbff">https://developer.mozilla.org/en-US/docs/Learn/JavaScript/Objects/JSON</span><span style="color:#9ecbff">"</span></span>
<span class="line"><span style="color:#e1e4e8">}</span></span></code></pre>
