---
source: crates/kazari-rs/tests/typst_snapshots.rs
expression: "kz.render_with_meta_typst(\"a\\nb\\nc word\",\nr#\"text ins={1} del={2} \"word\"\"#).unwrap()"
---
#code-block(lang: "text", fg: rgb("#24292e"), bg: rgb("#fff"), mode: "light", lines: 3, font: "JetBrains Mono", size: 10pt)[
#code-line(mark: "ins", fill: rgb("#c8f7d0"))[`a`]
#code-line(mark: "del")[`b`]
#code-line[`c `#highlight(fill: rgb("#ffe58f"))[`word`]]
]
