---
source: crates/kazari-rs/tests/typst_snapshots.rs
expression: "render(\"package main\\n\\nfunc main() {\\n}\",\n\"go showLineNumbers startLineNumber=98\")"
---
#code-block(lang: "go", fg: rgb("#24292e"), bg: rgb("#fff"), numbers: true, gutter-width: 3 * 0.65em, lines: 4)[
#code-line(num: 98)[#text(fill: rgb("#d73a49"), "package")#text(" ")#text(fill: rgb("#6f42c1"), "main")]
#code-line(num: 99)[#text(" ")]
#code-line(num: 100)[#text(fill: rgb("#d73a49"), "func")#text(" ")#text(fill: rgb("#6f42c1"), "main")#text("(")#text(")")#text(" ")#text("{")]
#code-line(num: 101)[#text("}")]
]
