---
source: crates/kazari-rs/tests/typst_snapshots.rs
expression: "render(\"x = 1 // [!code error]\\ny = 2 // [!code warning]\\nz = 3\",\n\"javascript\")"
---
#code-block(lang: "javascript", fg: rgb("#24292e"), bg: rgb("#fff"), mode: "light", lines: 3)[
#code-line(mark: "error")[`x`` `#text(fill: rgb("#d73a49"))[`=`]` `#text(fill: rgb("#005cc5"))[`1`]]
#code-line(mark: "warning")[`y`` `#text(fill: rgb("#d73a49"))[`=`]` `#text(fill: rgb("#005cc5"))[`2`]]
#code-line[`z`` `#text(fill: rgb("#d73a49"))[`=`]` `#text(fill: rgb("#005cc5"))[`3`]]
]
