---
source: crates/kazari-rs/tests/typst_snapshots.rs
expression: "render(\"a\\nb\\nc\\nd\\ne\\nf\",\nr#\"text {1} ins={2} del={3} {\"API\":4} error={5} warning={6}\"#)"
---
#code-block(lang: "text", fg: rgb("#24292e"), bg: rgb("#fff"), mode: "light", lines: 6)[
#code-line(mark: "mark")[`a`]
#code-line(mark: "ins")[`b`]
#code-line(mark: "del")[`c`]
#code-line(mark: "mark", label: "API")[`d`]
#code-line[`e`]
#code-line[`f`]
]
