---
source: crates/kazari-rs/tests/typst_snapshots.rs
expression: "render(\"s = \\\"a\\\\b\\\" # comment\\n$x = 1 -- @me ~ 'q'\\nu = \\\"http://x.y/z\\\"\",\n\"text\")"
---
#code-block(lang: "text", fg: rgb("#24292e"), bg: rgb("#fff"), mode: "light", lines: 3)[
#code-line[`s = "a\b" # comment`]
#code-line[`$x = 1 -- @me ~ 'q'`]
#code-line[`u = "http://x.y/z"`]
]
